\BOOKMARK [1][-]{section.1}{\376\377\137\025\212\000}{}% 1
\BOOKMARK [1][-]{section.2}{\376\377\166\370\121\163\135\345\117\134}{}% 2
\BOOKMARK [1][-]{section.3}{\376\377\117\044\165\244\116\343\145\160}{}% 3
\BOOKMARK [2][-]{subsection.3.1}{\376\377\133\232\116\111}{section.3}% 4
\BOOKMARK [2][-]{subsection.3.2}{\376\377\121\154\164\006}{section.3}% 5
\BOOKMARK [2][-]{subsection.3.3}{\376\377\116\073\211\201\133\232\164\006}{section.3}% 6
\BOOKMARK [1][-]{section.4}{\376\377\172\172\155\036\157\024\173\227}{}% 7
\BOOKMARK [2][-]{subsection.4.1}{\376\377\133\232\116\111}{section.4}% 8
\BOOKMARK [2][-]{subsection.4.2}{\376\377\121\154\164\006}{section.4}% 9
\BOOKMARK [2][-]{subsection.4.3}{\376\377\116\073\211\201\133\232\164\006}{section.4}% 10
\BOOKMARK [1][-]{section.5}{\376\377\200\046\124\010\174\373\176\337}{}% 11
\BOOKMARK [1][-]{section.6}{\376\377\121\163\174\373\134\102\213\272}{}% 12
\BOOKMARK [2][-]{subsection.6.1}{\376\377\133\232\116\111}{section.6}% 13
\BOOKMARK [2][-]{subsection.6.2}{\376\377\121\154\164\006\174\373\176\337}{section.6}% 14
\BOOKMARK [2][-]{subsection.6.3}{\376\377\116\073\211\201\133\232\164\006}{section.6}% 15
\BOOKMARK [1][-]{section.7}{\376\377\174\373\176\337\147\266\147\204}{}% 16
\BOOKMARK [2][-]{subsection.7.1}{\376\377\116\003\134\102\150\010}{section.7}% 17
\BOOKMARK [2][-]{subsection.7.2}{\376\377\137\002\147\204\126\376\000\040\000T\000r\000a\000n\000s\000f\000o\000r\000m\000e\000r\000\040\176\306\202\202}{section.7}% 18
\BOOKMARK [2][-]{subsection.7.3}{\376\377\140\047\200\375\230\204\173\227}{section.7}% 19
\BOOKMARK [2][-]{subsection.7.4}{\376\377\116\272\150\074\136\372\152\041\377\010\000P\000e\000r\000s\000o\000n\000a\000l\000i\000t\000y\000\040\000M\000o\000d\000e\000l\000i\000n\000g\377\011}{section.7}% 20
\BOOKMARK [2][-]{subsection.7.5}{\376\377\116\272\150\074\155\076\165\037\123\302\145\160\123\026\377\010\000P\000e\000r\000s\000o\000n\000a\000l\000i\000t\000y\000-\000D\000e\000r\000i\000v\000e\000d\000\040\000P\000a\000r\000a\000m\000e\000t\000e\000r\000i\000z\000a\000t\000i\000o\000n\377\011}{section.7}% 21
\BOOKMARK [2][-]{subsection.7.6}{\376\377\116\272\150\074\123\315\231\210\225\355\163\257\377\010\000P\000e\000r\000s\000o\000n\000a\000l\000i\000t\000y\000\040\000F\000e\000e\000d\000b\000a\000c\000k\000\040\000L\000o\000o\000p\377\011}{section.7}% 22
\BOOKMARK [1][-]{section.8}{\376\377\133\236\163\260}{}% 23
\BOOKMARK [2][-]{subsection.8.1}{\376\377\213\276\213\241\176\246\147\137}{section.8}% 24
\BOOKMARK [2][-]{subsection.8.2}{\376\377\133\236\163\260\173\126\165\145}{section.8}% 25
\BOOKMARK [2][-]{subsection.8.3}{\376\377\173\227\154\325\377\032\116\073\213\241\173\227\173\241\176\277}{section.8}% 26
\BOOKMARK [1][-]{section.9}{\376\377\133\236\232\214\176\323\147\234}{}% 27
\BOOKMARK [2][-]{subsection.9.1}{\376\377\133\236\232\214\000\040\0001\377\032\210\150\217\276\122\233\122\006\171\273}{section.9}% 28
\BOOKMARK [2][-]{subsection.9.2}{\376\377\133\236\232\214\000\040\0002\377\032\172\172\155\036\150\300\155\113\174\276\170\156\163\207\000/\123\354\126\336\163\207}{section.9}% 29
\BOOKMARK [2][-]{subsection.9.3}{\376\377\133\236\232\214\000\040\0003\377\032\116\011\140\001\123\072\122\006}{section.9}% 30
\BOOKMARK [2][-]{subsection.9.4}{\376\377\133\236\232\214\000\040\0004\377\032\156\336\124\016\145\110\136\224\377\010\215\357\137\204\117\235\215\126\377\011}{section.9}% 31
\BOOKMARK [2][-]{subsection.9.5}{\376\377\133\236\232\214\000\040\0005\377\032\155\210\207\215\170\024\172\166}{section.9}% 32
\BOOKMARK [2][-]{subsection.9.6}{\376\377\133\236\232\214\000\040\0006\377\032\225\177\147\037\172\063\133\232\140\047}{section.9}% 33
\BOOKMARK [2][-]{subsection.9.7}{\376\377\133\236\232\214\000\040\0007\377\032\131\032\165\050\142\067\226\224\171\273}{section.9}% 34
\BOOKMARK [2][-]{subsection.9.8}{\376\377\121\163\174\373\134\102\213\272\232\214\213\301\133\236\232\214}{section.9}% 35
\BOOKMARK [2][-]{subsection.9.9}{\376\377\176\323\147\234\154\107\140\073}{section.9}% 36
\BOOKMARK [1][-]{section.10}{\376\377\213\250\213\272}{}% 37
\BOOKMARK [2][-]{subsection.10.1}{\376\377\134\100\226\120\140\047}{section.10}% 38
\BOOKMARK [2][-]{subsection.10.2}{\376\377\117\046\164\006\200\003\221\317}{section.10}% 39
\BOOKMARK [2][-]{subsection.10.3}{\376\377\116\016\116\073\122\250\143\250\164\006\166\204\153\324\217\203}{section.10}% 40
\BOOKMARK [2][-]{subsection.10.4}{\376\377\147\052\147\145\135\345\117\134}{section.10}% 41
\BOOKMARK [1][-]{section.11}{\376\377\176\323\213\272}{}% 42
