\BOOKMARK [1][-]{section.1}{\376\377\000I\000n\000t\000r\000o\000d\000u\000c\000t\000i\000o\000n}{}% 1
\BOOKMARK [1][-]{section.2}{\376\377\000R\000e\000l\000a\000t\000e\000d\000\040\000W\000o\000r\000k}{}% 2
\BOOKMARK [1][-]{section.3}{\376\377\000S\000c\000a\000r\000\040\000A\000l\000g\000e\000b\000r\000a}{}% 3
\BOOKMARK [2][-]{subsection.3.1}{\376\377\000D\000e\000f\000i\000n\000i\000t\000i\000o\000n\000s}{section.3}% 4
\BOOKMARK [2][-]{subsection.3.2}{\376\377\000A\000x\000i\000o\000m\000s}{section.3}% 5
\BOOKMARK [2][-]{subsection.3.3}{\376\377\000M\000a\000i\000n\000\040\000T\000h\000e\000o\000r\000e\000m\000s}{section.3}% 6
\BOOKMARK [1][-]{section.4}{\376\377\000V\000o\000i\000d\000\040\000C\000a\000l\000c\000u\000l\000u\000s}{}% 7
\BOOKMARK [2][-]{subsection.4.1}{\376\377\000D\000e\000f\000i\000n\000i\000t\000i\000o\000n\000s}{section.4}% 8
\BOOKMARK [2][-]{subsection.4.2}{\376\377\000A\000x\000i\000o\000m\000s}{section.4}% 9
\BOOKMARK [2][-]{subsection.4.3}{\376\377\000M\000a\000i\000n\000\040\000T\000h\000e\000o\000r\000e\000m\000s}{section.4}% 10
\BOOKMARK [1][-]{section.5}{\376\377\000C\000o\000u\000p\000l\000e\000d\000\040\000S\000y\000s\000t\000e\000m}{}% 11
\BOOKMARK [1][-]{section.6}{\376\377\000R\000e\000l\000a\000t\000i\000o\000n\000a\000l\000\040\000S\000h\000e\000a\000f\000\040\000T\000h\000e\000o\000r\000y}{}% 12
\BOOKMARK [2][-]{subsection.6.1}{\376\377\000D\000e\000f\000i\000n\000i\000t\000i\000o\000n\000s}{section.6}% 13
\BOOKMARK [2][-]{subsection.6.2}{\376\377\000A\000x\000i\000o\000m\000\040\000S\000y\000s\000t\000e\000m}{section.6}% 14
\BOOKMARK [2][-]{subsection.6.3}{\376\377\000M\000a\000i\000n\000\040\000T\000h\000e\000o\000r\000e\000m\000s}{section.6}% 15
\BOOKMARK [1][-]{section.7}{\376\377\000S\000y\000s\000t\000e\000m\000\040\000A\000r\000c\000h\000i\000t\000e\000c\000t\000u\000r\000e}{}% 16
\BOOKMARK [2][-]{subsection.7.1}{\376\377\000S\000e\000v\000e\000n\000-\000L\000a\000y\000e\000r\000\040\000S\000t\000a\000c\000k}{section.7}% 17
\BOOKMARK [2][-]{subsection.7.2}{\376\377\000H\000e\000t\000e\000r\000o\000g\000e\000n\000e\000o\000u\000s\000\040\000G\000r\000a\000p\000h\000\040\000T\000r\000a\000n\000s\000f\000o\000r\000m\000e\000r\000\040\000D\000e\000t\000a\000i\000l\000s}{section.7}% 18
\BOOKMARK [2][-]{subsection.7.3}{\376\377\000P\000e\000r\000f\000o\000r\000m\000a\000n\000c\000e\000\040\000B\000u\000d\000g\000e\000t}{section.7}% 19
\BOOKMARK [2][-]{subsection.7.4}{\376\377\000P\000e\000r\000s\000o\000n\000a\000l\000i\000t\000y\000-\000D\000e\000r\000i\000v\000e\000d\000\040\000P\000a\000r\000a\000m\000e\000t\000e\000r\000i\000z\000a\000t\000i\000o\000n}{section.7}% 20
\BOOKMARK [2][-]{subsection.7.5}{\376\377\000P\000e\000r\000s\000o\000n\000a\000l\000i\000t\000y\000\040\000M\000o\000d\000e\000l\000i\000n\000g}{section.7}% 21
\BOOKMARK [2][-]{subsection.7.6}{\376\377\000P\000e\000r\000s\000o\000n\000a\000l\000i\000t\000y\000-\000D\000e\000r\000i\000v\000e\000d\000\040\000P\000a\000r\000a\000m\000e\000t\000e\000r\000\040\000M\000a\000p\000p\000i\000n\000g\000s}{section.7}% 22
\BOOKMARK [2][-]{subsection.7.7}{\376\377\000P\000e\000r\000s\000o\000n\000a\000l\000i\000t\000y\000\040\000F\000e\000e\000d\000b\000a\000c\000k\000\040\000L\000o\000o\000p}{section.7}% 23
\BOOKMARK [1][-]{section.8}{\376\377\000I\000m\000p\000l\000e\000m\000e\000n\000t\000a\000t\000i\000o\000n}{}% 24
\BOOKMARK [2][-]{subsection.8.1}{\376\377\000D\000e\000s\000i\000g\000n\000\040\000C\000o\000n\000s\000t\000r\000a\000i\000n\000t\000s}{section.8}% 25
\BOOKMARK [2][-]{subsection.8.2}{\376\377\000I\000m\000p\000l\000e\000m\000e\000n\000t\000a\000t\000i\000o\000n\000\040\000S\000t\000r\000a\000t\000e\000g\000y}{section.8}% 26
\BOOKMARK [2][-]{subsection.8.3}{\376\377\000A\000l\000g\000o\000r\000i\000t\000h\000m\000:\000\040\000M\000a\000i\000n\000\040\000C\000o\000m\000p\000u\000t\000a\000t\000i\000o\000n\000\040\000P\000i\000p\000e\000l\000i\000n\000e}{section.8}% 27
\BOOKMARK [1][-]{section.9}{\376\377\000E\000x\000p\000e\000r\000i\000m\000e\000n\000t\000a\000l\000\040\000R\000e\000s\000u\000l\000t\000s}{}% 28
\BOOKMARK [2][-]{subsection.9.1}{\376\377\000E\000x\000p\000\040\0001\000:\000\040\000E\000x\000p\000r\000e\000s\000s\000i\000v\000e\000n\000e\000s\000s\000\040\000S\000e\000p\000a\000r\000a\000t\000i\000o\000n}{section.9}% 29
\BOOKMARK [2][-]{subsection.9.2}{\376\377\000E\000x\000p\000\040\0002\000:\000\040\000V\000o\000i\000d\000\040\000D\000e\000t\000e\000c\000t\000i\000o\000n\000\040\000P\000r\000e\000c\000i\000s\000i\000o\000n\000/\000R\000e\000c\000a\000l\000l}{section.9}% 30
\BOOKMARK [2][-]{subsection.9.3}{\376\377\000E\000x\000p\000\040\0003\000:\000\040\000T\000h\000r\000e\000e\000-\000W\000a\000y\000\040\000S\000t\000a\000t\000e\000\040\000D\000i\000s\000t\000i\000n\000c\000t\000i\000o\000n}{section.9}% 31
\BOOKMARK [2][-]{subsection.9.4}{\376\377\000E\000x\000p\000\040\0004\000:\000\040\000H\000y\000s\000t\000e\000r\000e\000s\000i\000s\000\040\000\050\000P\000a\000t\000h\000\040\000D\000e\000p\000e\000n\000d\000e\000n\000c\000e\000\051}{section.9}% 32
\BOOKMARK [2][-]{subsection.9.5}{\376\377\000E\000x\000p\000\040\0005\000:\000\040\000A\000b\000l\000a\000t\000i\000o\000n\000\040\000S\000t\000u\000d\000y}{section.9}% 33
\BOOKMARK [2][-]{subsection.9.6}{\376\377\000E\000x\000p\000\040\0006\000:\000\040\000L\000o\000n\000g\000-\000T\000e\000r\000m\000\040\000S\000t\000a\000b\000i\000l\000i\000t\000y}{section.9}% 34
\BOOKMARK [2][-]{subsection.9.7}{\376\377\000E\000x\000p\000\040\0007\000:\000\040\000M\000u\000l\000t\000i\000-\000U\000s\000e\000r\000\040\000I\000s\000o\000l\000a\000t\000i\000o\000n}{section.9}% 35
\BOOKMARK [2][-]{subsection.9.8}{\376\377\000E\000x\000p\000\040\0008\040\023\0001\0000\000:\000\040\000R\000e\000l\000a\000t\000i\000o\000n\000a\000l\000\040\000S\000h\000e\000a\000f\000\040\000T\000h\000e\000o\000r\000y\000\040\000V\000a\000l\000i\000d\000a\000t\000i\000o\000n}{section.9}% 36
\BOOKMARK [2][-]{subsection.9.9}{\376\377\000S\000u\000m\000m\000a\000r\000y}{section.9}% 37
\BOOKMARK [1][-]{section.10}{\376\377\000D\000i\000s\000c\000u\000s\000s\000i\000o\000n}{}% 38
\BOOKMARK [2][-]{subsection.10.1}{\376\377\000L\000i\000m\000i\000t\000a\000t\000i\000o\000n\000s}{section.10}% 39
\BOOKMARK [2][-]{subsection.10.2}{\376\377\000E\000t\000h\000i\000c\000a\000l\000\040\000C\000o\000n\000s\000i\000d\000e\000r\000a\000t\000i\000o\000n\000s}{section.10}% 40
\BOOKMARK [2][-]{subsection.10.3}{\376\377\000C\000o\000m\000p\000a\000r\000i\000s\000o\000n\000\040\000w\000i\000t\000h\000\040\000A\000c\000t\000i\000v\000e\000\040\000I\000n\000f\000e\000r\000e\000n\000c\000e}{section.10}% 41
\BOOKMARK [2][-]{subsection.10.4}{\376\377\000F\000u\000t\000u\000r\000e\000\040\000W\000o\000r\000k}{section.10}% 42
\BOOKMARK [1][-]{section.11}{\376\377\000C\000o\000n\000c\000l\000u\000s\000i\000o\000n}{}% 43
