\BOOKMARK [1][-]{section.1}{\376\377\225\356\230\230\133\232\116\111}{}% 1
\BOOKMARK [1][-]{section.2}{\376\377\162\266\140\001\172\172\225\364}{}% 2
\BOOKMARK [1][-]{section.3}{\376\377\116\213\116\366\172\172\225\364}{}% 3
\BOOKMARK [1][-]{section.4}{\376\377\162\266\140\001\217\154\171\373}{}% 4
\BOOKMARK [1][-]{section.5}{\376\377\137\256\127\213\216\253\117\123\154\350\141\017\122\233\134\102}{}% 5
\BOOKMARK [1][-]{section.6}{\376\377\000B\000i\000n\000a\000r\000y\000\040\000h\000o\000t\000-\000p\000a\000t\000h\000\040\116\016\000\040\0001\000C\000\040\0001\000G\000\040\133\211\121\150\217\271\165\114}{}% 6
\BOOKMARK [1][-]{section.7}{\376\377\116\213\116\366\133\371\216\257\117\123\166\204\137\161\124\315}{}% 7
\BOOKMARK [1][-]{section.8}{\376\377\227\000\211\201\121\375\145\160}{}% 8
\BOOKMARK [1][-]{section.9}{\376\377\230\316\226\151\121\375\145\160}{}% 9
\BOOKMARK [1][-]{section.10}{\376\377\121\263\173\126\173\126\165\145}{}% 10
\BOOKMARK [1][-]{section.11}{\376\377\165\050\142\067\116\073\147\103\176\246\147\137}{}% 11
\BOOKMARK [1][-]{section.12}{\376\377\116\073\122\250\123\321\215\167\166\204\116\343\116\367}{}% 12
\BOOKMARK [1][-]{section.13}{\376\377\213\260\137\306\122\250\122\233\133\146}{}% 13
\BOOKMARK [1][-]{section.14}{\376\377\172\063\133\232\140\047\140\047\215\050}{}% 14
\BOOKMARK [2][-]{subsection.14.1}{\376\377\147\011\165\114\140\047}{section.14}% 15
\BOOKMARK [2][-]{subsection.14.2}{\376\377\146\202\120\134\133\211\121\150\140\047}{section.14}% 16
\BOOKMARK [2][-]{subsection.14.3}{\376\377\217\336\176\355\142\322\176\335\145\066\145\133\122\060\117\335\142\244\140\001}{section.14}% 17
\BOOKMARK [2][-]{subsection.14.4}{\376\377\117\356\131\015\116\015\173\111\116\216\156\005\226\366}{section.14}% 18
\BOOKMARK [2][-]{subsection.14.5}{\376\377\116\073\122\250\230\204\173\227\176\246\147\137}{section.14}% 19
\BOOKMARK [1][-]{section.15}{\376\377\116\016\137\123\122\115\116\343\170\001\166\204\133\371\136\224\121\163\174\373}{}% 20
\BOOKMARK [1][-]{section.16}{\376\377\176\323\213\272}{}% 21
